<?xml version="1.0" encoding="UTF-8"?>
<testng-results ignored="0" total="4" passed="4" failed="0" skipped="0">
  <reporter-output>
  </reporter-output>
  <suite started-at="2024-10-01T17:51:45 IST" name="Gradle suite" finished-at="2024-10-01T17:52:06 IST" duration-ms="20648">
    <groups>
      <group name="apiTests">
        <method signature="testCase_API_01.RegisterAndLogin()[pri:0, instance:qtriptest.APITests.testCase_API_01@2cf3d63b]" name="RegisterAndLogin" class="qtriptest.APITests.testCase_API_01"/>
        <method signature="testCase_API_02.getcities()[pri:0, instance:qtriptest.APITests.testCase_API_02@248e319b]" name="getcities" class="qtriptest.APITests.testCase_API_02"/>
        <method signature="testCase_API_03.RegisterAndLogin()[pri:0, instance:qtriptest.APITests.testCase_API_03@5d0bf09b]" name="RegisterAndLogin" class="qtriptest.APITests.testCase_API_03"/>
        <method signature="testCase_API_04.registerNewUserAndRegisterDuplicateUser()[pri:0, instance:qtriptest.APITests.testCase_API_04@793f29ff]" name="registerNewUserAndRegisterDuplicateUser" class="qtriptest.APITests.testCase_API_04"/>
      </group> <!-- apiTests -->
    </groups>
    <test started-at="2024-10-01T17:51:45 IST" name="Gradle test" finished-at="2024-10-01T17:52:06 IST" duration-ms="20648">
      <class name="qtriptest.APITests.testCase_API_01">
        <test-method is-config="true" signature="setup()[pri:0, instance:qtriptest.APITests.testCase_API_01@2cf3d63b]" started-at="2024-10-01T17:51:45 IST" name="setup" finished-at="2024-10-01T17:51:46 IST" duration-ms="1216" status="PASS">
          <reporter-output>
          </reporter-output>
        </test-method> <!-- setup -->
        <test-method signature="RegisterAndLogin()[pri:0, instance:qtriptest.APITests.testCase_API_01@2cf3d63b]" started-at="2024-10-01T17:51:46 IST" name="RegisterAndLogin" finished-at="2024-10-01T17:51:53 IST" duration-ms="6901" status="PASS">
          <reporter-output>
          </reporter-output>
        </test-method> <!-- RegisterAndLogin -->
      </class> <!-- qtriptest.APITests.testCase_API_01 -->
      <class name="qtriptest.APITests.testCase_API_02">
        <test-method is-config="true" signature="setup()[pri:0, instance:qtriptest.APITests.testCase_API_02@248e319b]" started-at="2024-10-01T17:51:53 IST" name="setup" finished-at="2024-10-01T17:51:53 IST" duration-ms="4" status="PASS">
          <reporter-output>
          </reporter-output>
        </test-method> <!-- setup -->
        <test-method signature="getcities()[pri:0, instance:qtriptest.APITests.testCase_API_02@248e319b]" started-at="2024-10-01T17:51:53 IST" name="getcities" finished-at="2024-10-01T17:51:56 IST" duration-ms="2386" status="PASS">
          <reporter-output>
          </reporter-output>
        </test-method> <!-- getcities -->
      </class> <!-- qtriptest.APITests.testCase_API_02 -->
      <class name="qtriptest.APITests.testCase_API_03">
        <test-method is-config="true" signature="setup()[pri:0, instance:qtriptest.APITests.testCase_API_03@5d0bf09b]" started-at="2024-10-01T17:51:56 IST" name="setup" finished-at="2024-10-01T17:51:56 IST" duration-ms="1" status="PASS">
          <reporter-output>
          </reporter-output>
        </test-method> <!-- setup -->
        <test-method signature="RegisterAndLogin()[pri:0, instance:qtriptest.APITests.testCase_API_03@5d0bf09b]" started-at="2024-10-01T17:51:56 IST" name="RegisterAndLogin" finished-at="2024-10-01T17:52:03 IST" duration-ms="7083" status="PASS">
          <reporter-output>
          </reporter-output>
        </test-method> <!-- RegisterAndLogin -->
      </class> <!-- qtriptest.APITests.testCase_API_03 -->
      <class name="qtriptest.APITests.testCase_API_04">
        <test-method is-config="true" signature="setup()[pri:0, instance:qtriptest.APITests.testCase_API_04@793f29ff]" started-at="2024-10-01T17:52:03 IST" name="setup" finished-at="2024-10-01T17:52:03 IST" duration-ms="5" status="PASS">
          <reporter-output>
          </reporter-output>
        </test-method> <!-- setup -->
        <test-method signature="registerNewUserAndRegisterDuplicateUser()[pri:0, instance:qtriptest.APITests.testCase_API_04@793f29ff]" started-at="2024-10-01T17:52:03 IST" name="registerNewUserAndRegisterDuplicateUser" finished-at="2024-10-01T17:52:06 IST" duration-ms="2829" status="PASS">
          <reporter-output>
          </reporter-output>
        </test-method> <!-- registerNewUserAndRegisterDuplicateUser -->
      </class> <!-- qtriptest.APITests.testCase_API_04 -->
    </test> <!-- Gradle test -->
  </suite> <!-- Gradle suite -->
</testng-results>
